This should print 1, 2, 3.
1
2
3
This should never execute the body.
This should print even numbers up to 6.
2
4
6
