Testing empty 'return' - should yield Nothing: <Nothing>
