This should print 'if elseif else': if elseif else
