The function should throw an ENoMoreElements exception.
And it did.
