This should print numbers from 1 to 5:
1
2
3
4
5
This should print numbers from 1 to 4:
1
2
3
4
