This shouldn't print anything.
This should print 'Woof!' twice.
Woof!
Woof!
