This should output numbers from 1 to 3.
1
2
3
