Property should be 0 here (at module scope), and is: 0
Property should be 0 here (from declaration scope), and is: 0
Property should be a 1 here (local variable shadowing), and is: 1
Property should be 0 again (test_scopes() shouldn't change it), and is: 0
