This should print nothing safely.
This should print 1,2,3.
1
2
3
This should print nothing safely.
This should print 3,6.
3
6
This should print 12,42.
12 42
