This should print values from 1 to 5 and nothing else.
1
2
3
4
5
