If things went smoothly, this should say John Kowalski: John Kowalski
And this, Maggie Smith: Maggie Smith
