The operation did not run, so x should be 40: 40
The operation has run twice, so x should be 42: 42
