This should be 42: 42
This should be 42 again: 42
And once again we expect 42: 42
