Should print: 0 1 2 6 10 50 50.
X before execution: 0
Normal parameter: 1
Lazy parameter: 2
Lazy sink contents:
6
10
Lazy named: 50
X after execution: 50
