This should just say 'identifier': identifier
This should also say 'identifier': identifier
