Allocated a string of 1048576 characters successfully.
