Successfully allocated a 2000 element linked list.
