If the resolution order is correct, this should be A B1 B2 C: A B1 B2 C
