The exported value should be 42: 42
And the explicitly exported value should also be 42: 42
