Should print 1, 2, 3.
1
2
3
Should not print anything.
