If [1,2,3].map() works, this should be 2, 4, 6: 2, 4, 6
The length after mapping should still be 3: 3
An empty array mapped should still be empty, and the mapping should never be called: 
