This should say 'O e': O e
This should say 'g r': g r
