This should print the letters of 'Hello':
H
e
l
l
o
