We have 2 apples and 3 bananas.
We also have an empty object, which means this should be true: <True>
