# This is not.
And semicolon insertion is not misled by comments.
