If runtime.sept builds and loads correctly, this will be True: <True>
