If [1,2,3].map() works, this should be 2, 4, 6: 2, 4, 6
An empty array mapped should still be empty, and the mapping should never be called: 
