If chaining iterable operations works, this will be 2, 4, 6, 8: 2, 4, 6, 8
If realization works, this will be 2, 4, 6, 8 too: 2, 4, 6, 8
And the realized value will be an array, so this is True: <True>
